// Jest Snapshot v1, https://goo.gl/fbAQLP

exports[`renders correctly 1`] = `
<div>
  <h1>
    List view of nodes
  </h1>
  <div>
    <button
      disabled={true}
      onClick={[Function]}
    >
      List
    </button>
    <button
      disabled={false}
      onClick={[Function]}
    >
      Graph
    </button>
  </div>
  <fieldset>
    <legend>
      Bus Number
    </legend>
    <input
      list="data"
      onChange={[Function]}
      placeholder="Select Bus Number"
      type="text"
      value=""
    />
    <datalist
      id="data"
    />
  </fieldset>
  <fieldset>
    <legend>
      Levels
    </legend>
    <input
      max={5}
      min={1}
      onChange={[Function]}
      type="number"
      value={1}
    />
    <input
      max={5}
      min={1}
      onChange={[Function]}
      type="range"
      value={1}
    />
  </fieldset>
  <ul>
    <del />
    <ul />
  </ul>
</div>
`;
